
> sweetify-backend@1.0.0 test
> jest --coverage --detectOpenHandles

PASS tests/sweets.test.ts (6.034 s)
PASS tests/inventory.test.ts
PASS tests/auth.test.ts
-------------------|---------|----------|---------|---------|------------------------------------------------------------
File               | % Stmts | % Branch | % Funcs | % Lines | Uncovered Line #s                                          
-------------------|---------|----------|---------|---------|------------------------------------------------------------
All files          |   81.13 |    71.18 |   91.66 |   80.76 |                                                            
 middleware        |   83.78 |    83.33 |     100 |   81.81 |                                                            
  auth.ts          |   83.78 |    83.33 |     100 |   81.81 | 21,46-50,59-63,69                                          
 routes            |   73.27 |       50 |      90 |   73.27 |                                                            
  auth.routes.ts   |   86.66 |       75 |     100 |   86.66 | 39,62-66,77                                                
  sweet.routes.ts  |    68.6 |    44.44 |    87.5 |    68.6 | 29,50-58,70-86,116,139-143,154,174-182,205-209,230,260-268 
 services          |   93.47 |       85 |      90 |   93.47 |                                                            
  auth.service.ts  |     100 |      100 |     100 |     100 |                                                            
  sweet.service.ts |   88.46 |    82.35 |    87.5 |   88.46 | 25,88,123                                                  
 utils             |     100 |       80 |     100 |     100 |                                                            
  db.ts            |     100 |       80 |     100 |     100 | 11                                                         
  validation.ts    |     100 |      100 |     100 |     100 |                                                            
-------------------|---------|----------|---------|---------|------------------------------------------------------------

Test Suites: 3 passed, 3 total
Tests:       26 passed, 26 total
Snapshots:   0 total
Time:        9.092 s
Ran all test suites.
